=== Section 4.1: Table 1 ===
SFP t^2/10      t^2/10      P1 b=1/Bot1/Bot1.4/TISPSA = 13/7/6/7 | P2 = 11/7/6/10 | ||u|| at budget P1 b=1/TISPSA 2.95/0.000
SFP t^2/10      (1/2)e^t    P1 b=1/Bot1/Bot1.4/TISPSA = 151/28/31/15 | P2 = 19/15/16/11 | ||u|| at budget P1 b=1/TISPSA 104.89/0.004
SFP t^2/10      e^t+t^2/24  P1 b=1/Bot1/Bot1.4/TISPSA = 151/39/43/20 | P2 = 23/15/18/11 | ||u|| at budget P1 b=1/TISPSA 219.48/0.011
SFP (1/2)e^t    t^2/10      P1 b=1/Bot1/Bot1.4/TISPSA = 151/18/15/9 | P2 = 15/10/10/7 | ||u|| at budget P1 b=1/TISPSA 156.46/0.112
SFP (1/2)e^t    (1/2)e^t    P1 b=1/Bot1/Bot1.4/TISPSA = 151/25/29/15 | P2 = 19/14/16/9 | ||u|| at budget P1 b=1/TISPSA 187.57/0.225
SFP (1/2)e^t    e^t+t^2/24  P1 b=1/Bot1/Bot1.4/TISPSA = 151/37/41/20 | P2 = 23/15/18/9 | ||u|| at budget P1 b=1/TISPSA 267.30/0.471
SFP e^t+t^2/24  t^2/10      P1 b=1/Bot1/Bot1.4/TISPSA = 151/27/22/15 | P2 = 18/11/12/7 | ||u|| at budget P1 b=1/TISPSA 314.95/1.216
SFP e^t+t^2/24  (1/2)e^t    P1 b=1/Bot1/Bot1.4/TISPSA = 151/23/28/14 | P2 = 20/12/16/9 | ||u|| at budget P1 b=1/TISPSA 330.43/1.392
SFP e^t+t^2/24  e^t+t^2/24  P1 b=1/Bot1/Bot1.4/TISPSA = 151/35/40/22 | P2 = 22/15/18/9 | ||u|| at budget P1 b=1/TISPSA 380.89/1.717
SFP grid of lambda_n, totals of (38): {'P1': {'lambda=0.4': 303, 'lambda=1': 239, 'lambda=1.4': 255, 'lambda=1.8': 313}, 'P2': {'lambda=0.4': 199, 'lambda=1': 114, 'lambda=1.4': 130, 'lambda=1.8': 250}}
SFP (P1) iterations on the boundary of C: {'t^2/10|t^2/10': {'bot0': 7, 'bot1': 0, 'bot14': 0, 'tispsa': 1}, 't^2/10|(1/2)e^t': {'bot0': 147, 'bot1': 23, 'bot14': 0, 'tispsa': 10}, 't^2/10|e^t+t^2/24': {'bot0': 147, 'bot1': 34, 'bot14': 0, 'tispsa': 17}, '(1/2)e^t|t^2/10': {'bot0': 149, 'bot1': 16, 'bot14': 0, 'tispsa': 7}, '(1/2)e^t|(1/2)e^t': {'bot0': 146, 'bot1': 19, 'bot14': 0, 'tispsa': 9}, '(1/2)e^t|e^t+t^2/24': {'bot0': 146, 'bot1': 30, 'bot14': 0, 'tispsa': 16}, 'e^t+t^2/24|t^2/10': {'bot0': 150, 'bot1': 24, 'bot14': 0, 'tispsa': 12}, 'e^t+t^2/24|(1/2)e^t': {'bot0': 146, 'bot1': 17, 'bot14': 0, 'tispsa': 10}, 'e^t+t^2/24|e^t+t^2/24': {'bot0': 146, 'bot1': 29, 'bot14': 0, 'tispsa': 16}} plateau value 17.5187
SFP totals (iterations): {'P1': {'bot1': 239, 'bot14': 255, 'tispsa': 137}, 'P2': {'bot1': 114, 'bot14': 130, 'tispsa': 82}} 
SFP mean ||u|| at 150 evaluations: {'P1': {'bot0': 218.32432563161035, 'bot1': 1.0469801755127286, 'bot14': 1.046557056126015, 'tispsa': 0.5718463911976968}, 'P2': {'bot0': 215.9552872836155, 'bot1': 1.0469765055174929, 'bot14': 1.0465771834259445, 'tispsa': 0.5912992450119318}} 
TISPSA has the smallest norm at that budget in {'P1': 9, 'P2': 9} of the nine pairs
--- done in 3 s

=== Section 4.2: Tables 2-3, Figures 1-3 ===
deblur sigma_blur=1.5 Fundus lam 0.004 PSNR_in 31.66 | tispsa 36.87/0.9177 tol 12 | bot1 36.96/0.9184 tol 22 | bot14 36.93/0.9181 tol 17 | ref 36.74/0.9171 res 3.7e-06
deblur sigma_blur=1.5 CT    lam 0.001 PSNR_in 23.83 | tispsa 26.74/0.6946 tol 32 | bot1 26.39/0.6872 tol 64 | bot14 26.58/0.6916 tol 47 | ref 26.90/0.6982 res 2.5e-04
deblur sigma_blur=1.5 MRI   lam 0.001 PSNR_in 25.21 | tispsa 28.80/0.8741 tol 30 | bot1 28.53/0.8725 tol 58 | bot14 28.70/0.8730 tol 42 | ref 28.71/0.8717 res 2.0e-04
deblur sigma_blur=4.0 Fundus lam 0.004 PSNR_in 24.78 | tispsa 29.79/0.7484 tol 16 | bot1 29.51/0.7422 tol 28 | bot14 29.68/0.7456 tol 20 | ref 29.93/0.7503 res 8.2e-05
deblur sigma_blur=4.0 CT    lam 0.004 PSNR_in 19.63 | tispsa 21.85/0.4385 tol 20 | bot1 21.63/0.4296 tol 39 | bot14 21.74/0.4340 tol 29 | ref 22.24/0.4551 res 3.7e-04
deblur sigma_blur=4.0 MRI   lam 0.004 PSNR_in 20.96 | tispsa 22.54/0.6989 tol 12 | bot1 22.49/0.6977 tol 21 | bot14 22.52/0.6987 tol 16 | ref 22.57/0.6991 res 2.1e-04
--- done in 344 s

=== Section 4.3: Tables 4-5 ===
clf WDBC  tispsa  acc 0.9765+-0.0190 prec 0.9797+-0.0263 rec 0.9578+-0.0466 f1 0.9678+-0.0267 auc 0.9943+-0.0105 evals_tol 7.9
clf WDBC  bot1     evals_tol 18.2
clf WDBC  bot14   acc 0.9761+-0.0200 prec 0.9796+-0.0264 rec 0.9569+-0.0489 f1 0.9673+-0.0282 auc 0.9939+-0.0106 evals_tol 12.5
clf Pima  tispsa  acc 0.7456+-0.0488 prec 0.6159+-0.0716 rec 0.7521+-0.0925 f1 0.6732+-0.0601 auc 0.8296+-0.0500 evals_tol 32.2
clf Pima  bot1     evals_tol 67.3
clf Pima  bot14   acc 0.7424+-0.0483 prec 0.6115+-0.0696 rec 0.7506+-0.0917 f1 0.6700+-0.0592 auc 0.8280+-0.0501 evals_tol 47.6
clf Heart tispsa  acc 0.8372+-0.0583 prec 0.8451+-0.0689 rec 0.7971+-0.1011 f1 0.8168+-0.0697 auc 0.9029+-0.0487 evals_tol 18.2
clf Heart bot1     evals_tol 43.3
clf Heart bot14   acc 0.8365+-0.0601 prec 0.8419+-0.0709 rec 0.8000+-0.1018 f1 0.8168+-0.0711 auc 0.9028+-0.0498 evals_tol 30.5
clf paired wins of TISPSA in evaluations to the tolerance: {'WDBC': {'bot1': 50, 'bot14': 50}, 'Pima': {'bot1': 50, 'bot14': 50}, 'Heart': {'bot1': 50, 'bot14': 50}}
--- done in 3 s

=== Section 4.4: Table 6 (ablation) ===
ablation deblur heavy Fundus no_inertia   evaluations 28
ablation deblur heavy Fundus first_only   evaluations 18
ablation deblur heavy Fundus second_only  evaluations 26
ablation deblur heavy Fundus proposed     evaluations 16
ablation deblur heavy CT     no_inertia   evaluations 40
ablation deblur heavy CT     first_only   evaluations 24
ablation deblur heavy CT     second_only  evaluations 36
ablation deblur heavy CT     proposed     evaluations 20
ablation deblur heavy MRI    no_inertia   evaluations 22
ablation deblur heavy MRI    first_only   evaluations 14
ablation deblur heavy MRI    second_only  evaluations 20
ablation deblur heavy MRI    proposed     evaluations 12
ablation: deblurring done (184s)
ablation classification WDBC  no_inertia 18.4 first_only 9.6 second_only 16.4 proposed 7.9
ablation classification Pima  no_inertia 68.7 first_only 38.9 second_only 62.7 proposed 32.2
ablation classification Heart no_inertia 44.2 first_only 23.8 second_only 40.2 proposed 18.2
ablation: classification done (186s)
reduction deblur_heavy   proposed     42.9% - 50.0%
reduction deblur_heavy   first_only   35.7% - 40.0%
reduction deblur_heavy   second_only  7.1% - 10.0%
reduction classification proposed     53.2% - 58.7%
reduction classification first_only   43.4% - 48.0%
reduction classification second_only  8.8% - 10.7%
--- done in 186 s

=== Section 4.5: Table 7 (variable step sizes) ===
Exact variable-step: WDBC, 50 paired runs
Exact variable-step: Pima, 50 paired runs
Exact variable-step: Heart, 50 paired runs
{
  "WDBC": {
    "tispsa": {
      "successes": 50,
      "update_evals": 7.6
    },
    "bm1": {
      "successes": 50,
      "update_evals": 17.8
    },
    "bm14": {
      "successes": 50,
      "update_evals": 12.12
    },
    "paired_wins": {
      "bm1": {
        "update_evals": 50
      },
      "bm14": {
        "update_evals": 50
      }
    }
  },
  "Pima": {
    "tispsa": {
      "successes": 50,
      "update_evals": 31.08
    },
    "bm1": {
      "successes": 50,
      "update_evals": 66.56
    },
    "bm14": {
      "successes": 50,
      "update_evals": 46.98
    },
    "paired_wins": {
      "bm1": {
        "update_evals": 50
      },
      "bm14": {
        "update_evals": 50
      }
    }
  },
  "Heart": {
    "tispsa": {
      "successes": 50,
      "update_evals": 17.32
    },
    "bm1": {
      "successes": 50,
      "update_evals": 42.76
    },
    "bm14": {
      "successes": 50,
      "update_evals": 29.94
    },
    "paired_wins": {
      "bm1": {
        "update_evals": 50
      },
      "bm14": {
        "update_evals": 50
      }
    }
  }
}
--- done in 6 s

All tables (results/tables/*.tex) and figures (results/figures/*.pdf) written.
The selection of lambda_TV (python -m tispsa.select_lambda, about 15 min) and of the setting (34)
(python -m tispsa.select_setting, about 4 min) is optional.
