std   Fundus lambda=0.0005 converged PSNR 33.25 SSIM 0.8192
std   Fundus lambda=0.001  converged PSNR 35.65 SSIM 0.8936
std   Fundus lambda=0.002  converged PSNR 36.69 SSIM 0.9169
std   Fundus lambda=0.004  converged PSNR 36.74 SSIM 0.9171
std   Fundus lambda=0.008  converged PSNR 36.11 SSIM 0.9055
std   Fundus lambda=0.016  converged PSNR 35.02 SSIM 0.8848
  -> std Fundus: lambda_TV = 0.004
std   CT    lambda=0.0005 converged PSNR 29.87 SSIM 0.8044
std   CT    lambda=0.001  converged PSNR 30.80 SSIM 0.8477
std   CT    lambda=0.002  converged PSNR 30.93 SSIM 0.8531
std   CT    lambda=0.004  converged PSNR 30.57 SSIM 0.8411
std   CT    lambda=0.008  converged PSNR 29.92 SSIM 0.8194
std   CT    lambda=0.016  converged PSNR 29.11 SSIM 0.7926
  -> std CT: lambda_TV = 0.002
std   MRI   lambda=0.0005 converged PSNR 28.47 SSIM 0.7803
std   MRI   lambda=0.001  converged PSNR 28.71 SSIM 0.8717
std   MRI   lambda=0.002  converged PSNR 28.34 SSIM 0.9007
std   MRI   lambda=0.004  converged PSNR 27.70 SSIM 0.9018
std   MRI   lambda=0.008  converged PSNR 26.86 SSIM 0.8867
std   MRI   lambda=0.016  converged PSNR 25.92 SSIM 0.8617
  -> std MRI: lambda_TV = 0.001
heavy Fundus lambda=0.0005 converged PSNR 26.47 SSIM 0.5596
heavy Fundus lambda=0.001  converged PSNR 28.60 SSIM 0.6776
heavy Fundus lambda=0.002  converged PSNR 29.65 SSIM 0.7330
heavy Fundus lambda=0.004  converged PSNR 29.93 SSIM 0.7503
heavy Fundus lambda=0.008  converged PSNR 29.82 SSIM 0.7510
heavy Fundus lambda=0.016  converged PSNR 29.53 SSIM 0.7459
  -> heavy Fundus: lambda_TV = 0.004
heavy CT    lambda=0.0005 converged PSNR 22.85 SSIM 0.5273
heavy CT    lambda=0.001  converged PSNR 24.01 SSIM 0.6115
heavy CT    lambda=0.002  converged PSNR 24.52 SSIM 0.6527
heavy CT    lambda=0.004  converged PSNR 24.66 SSIM 0.6665
heavy CT    lambda=0.008  converged PSNR 24.50 SSIM 0.6645
heavy CT    lambda=0.016  converged PSNR 24.16 SSIM 0.6537
  -> heavy CT: lambda_TV = 0.004
heavy MRI   lambda=0.0005 converged PSNR 21.70 SSIM 0.4619
heavy MRI   lambda=0.001  converged PSNR 22.29 SSIM 0.5757
heavy MRI   lambda=0.002  converged PSNR 22.53 SSIM 0.6574
heavy MRI   lambda=0.004  converged PSNR 22.57 SSIM 0.6991
heavy MRI   lambda=0.008  converged PSNR 22.46 SSIM 0.7067
heavy MRI   lambda=0.016  converged PSNR 22.26 SSIM 0.6983
  -> heavy MRI: lambda_TV = 0.004
